// Jest Snapshot v1, https://goo.gl/fbAQLP

exports[`Home renders correctly 1`] = `
<View
  style={
    Object {
      "alignItems": "center",
      "backgroundColor": "#DFDFDF",
      "flex": 1,
      "paddingTop": 64,
    }
  }
>
  <Text
    accessible={true}
    allowFontScaling={true}
    ellipsizeMode="tail"
  >
    Go To Home Screen
  </Text>
  <View>
    <View
      collapsible={false}
      style={undefined}
    >
      <Text
        accessible={true}
        allowFontScaling={true}
        ellipsizeMode="tail"
        style={undefined}
      >
        Photos from Instagram
      </Text>
    </View>
    <View
      style={
        Array [
          undefined,
          Object {
            "alignItems": "center",
            "flex": 1,
            "height": 125,
            "justifyContent": "center",
            "marginVertical": 10,
          },
        ]
      }
    >
      <ActivityIndicator
        animating={true}
        color="#999999"
        hidesWhenStopped={true}
        size="small"
      />
    </View>
  </View>
</View>
`;
