// Jest Snapshot v1, https://goo.gl/fbAQLP

exports[`Home renders correctly 1`] = `
<View
  style={
    Object {
      "alignItems": "center",
      "backgroundColor": "#DFDFDF",
      "height": "100%",
      "paddingTop": 64,
      "width": "100%",
    }
  }
>
  <View
    style={
      Object {
        "flex": 1,
      }
    }
  >
    <View
      style={
        Array [
          undefined,
          Object {
            "alignItems": "center",
            "flex": 1,
            "height": 125,
            "justifyContent": "center",
            "marginVertical": 10,
          },
        ]
      }
    >
      <ActivityIndicator
        animating={true}
        color="#999999"
        hidesWhenStopped={true}
        size="small"
      />
    </View>
  </View>
</View>
`;
